warning: binary `bundle_decode` should have a kebab-case name
   |
 1 | /home/blocknodes/ztreexo/fuzz/target/.../bundle_decode
   |                                          ^^^^^^^^^^^^^
   |
   = note: `cargo::non_kebab_case_bins` is set to `warn` by default
help: to change the binary name to `bundle-decode`, convert `bin.name`
  --> Cargo.toml:44:8
   |
44 - name = "bundle_decode"
44 + name = "bundle-decode"
   |
warning: binary `compact_state_decode` should have a kebab-case name
   |
 1 | /home/blocknodes/ztreexo/fuzz/target/.../compact_state_decode
   |                                          ^^^^^^^^^^^^^^^^^^^^
   |
help: to change the binary name to `compact-state-decode`, convert `bin.name`
  --> Cargo.toml:65:8
   |
65 - name = "compact_state_decode"
65 + name = "compact-state-decode"
   |
warning: binary `forest_decode` should have a kebab-case name
   |
 1 | /home/blocknodes/ztreexo/fuzz/target/.../forest_decode
   |                                          ^^^^^^^^^^^^^
   |
help: to change the binary name to `forest-decode`, convert `bin.name`
  --> Cargo.toml:86:8
   |
86 - name = "forest_decode"
86 + name = "forest-decode"
   |
warning: binary `nonmembership_decode` should have a kebab-case name
   |
 1 | /home/blocknodes/ztreexo/fuzz/target/.../nonmembership_decode
   |                                          ^^^^^^^^^^^^^^^^^^^^
   |
help: to change the binary name to `nonmembership-decode`, convert `bin.name`
  --> Cargo.toml:79:8
   |
79 - name = "nonmembership_decode"
79 + name = "nonmembership-decode"
   |
warning: binary `snapshot_decode` should have a kebab-case name
   |
 1 | /home/blocknodes/ztreexo/fuzz/target/.../snapshot_decode
   |                                          ^^^^^^^^^^^^^^^
   |
help: to change the binary name to `snapshot-decode`, convert `bin.name`
  --> Cargo.toml:58:8
   |
58 - name = "snapshot_decode"
58 + name = "snapshot-decode"
   |
warning: binary `utxo_proof_decode` should have a kebab-case name
   |
 1 | /home/blocknodes/ztreexo/fuzz/target/.../utxo_proof_decode
   |                                          ^^^^^^^^^^^^^^^^^
   |
help: to change the binary name to `utxo-proof-decode`, convert `bin.name`
  --> Cargo.toml:51:8
   |
51 - name = "utxo_proof_decode"
51 + name = "utxo-proof-decode"
   |
warning: binary `wire_request_decode` should have a kebab-case name
   |
 1 | /home/blocknodes/ztreexo/fuzz/target/.../wire_request_decode
   |                                          ^^^^^^^^^^^^^^^^^^^
   |
help: to change the binary name to `wire-request-decode`, convert `bin.name`
  --> Cargo.toml:72:8
   |
72 - name = "wire_request_decode"
72 + name = "wire-request-decode"
   |
warning: `zutreexo-fuzz` (manifest) generated 7 warnings
   Compiling zutreexo-fuzz v0.0.0 (/home/blocknodes/ztreexo/fuzz)
    Finished `release` profile [optimized + debuginfo] target(s) in 1.02s
warning: the following packages contain code that will be rejected by a future version of Rust: halo2_gadgets v0.5.0, primitive-types v0.12.2
note: to see what the problems were, use the option `--future-incompat-report`, or run `cargo report future-incompatibilities --id 1`
warning: binary `bundle_decode` should have a kebab-case name
   |
 1 | /home/blocknodes/ztreexo/fuzz/target/.../bundle_decode
   |                                          ^^^^^^^^^^^^^
   |
   = note: `cargo::non_kebab_case_bins` is set to `warn` by default
help: to change the binary name to `bundle-decode`, convert `bin.name`
  --> Cargo.toml:44:8
   |
44 - name = "bundle_decode"
44 + name = "bundle-decode"
   |
warning: binary `compact_state_decode` should have a kebab-case name
   |
 1 | /home/blocknodes/ztreexo/fuzz/target/.../compact_state_decode
   |                                          ^^^^^^^^^^^^^^^^^^^^
   |
help: to change the binary name to `compact-state-decode`, convert `bin.name`
  --> Cargo.toml:65:8
   |
65 - name = "compact_state_decode"
65 + name = "compact-state-decode"
   |
warning: binary `forest_decode` should have a kebab-case name
   |
 1 | /home/blocknodes/ztreexo/fuzz/target/.../forest_decode
   |                                          ^^^^^^^^^^^^^
   |
help: to change the binary name to `forest-decode`, convert `bin.name`
  --> Cargo.toml:86:8
   |
86 - name = "forest_decode"
86 + name = "forest-decode"
   |
warning: binary `nonmembership_decode` should have a kebab-case name
   |
 1 | /home/blocknodes/ztreexo/fuzz/target/.../nonmembership_decode
   |                                          ^^^^^^^^^^^^^^^^^^^^
   |
help: to change the binary name to `nonmembership-decode`, convert `bin.name`
  --> Cargo.toml:79:8
   |
79 - name = "nonmembership_decode"
79 + name = "nonmembership-decode"
   |
warning: binary `snapshot_decode` should have a kebab-case name
   |
 1 | /home/blocknodes/ztreexo/fuzz/target/.../snapshot_decode
   |                                          ^^^^^^^^^^^^^^^
   |
help: to change the binary name to `snapshot-decode`, convert `bin.name`
  --> Cargo.toml:58:8
   |
58 - name = "snapshot_decode"
58 + name = "snapshot-decode"
   |
warning: binary `utxo_proof_decode` should have a kebab-case name
   |
 1 | /home/blocknodes/ztreexo/fuzz/target/.../utxo_proof_decode
   |                                          ^^^^^^^^^^^^^^^^^
   |
help: to change the binary name to `utxo-proof-decode`, convert `bin.name`
  --> Cargo.toml:51:8
   |
51 - name = "utxo_proof_decode"
51 + name = "utxo-proof-decode"
   |
warning: binary `wire_request_decode` should have a kebab-case name
   |
 1 | /home/blocknodes/ztreexo/fuzz/target/.../wire_request_decode
   |                                          ^^^^^^^^^^^^^^^^^^^
   |
help: to change the binary name to `wire-request-decode`, convert `bin.name`
  --> Cargo.toml:72:8
   |
72 - name = "wire_request_decode"
72 + name = "wire-request-decode"
   |
warning: `zutreexo-fuzz` (manifest) generated 7 warnings
   Compiling zutreexo-fuzz v0.0.0 (/home/blocknodes/ztreexo/fuzz)
    Finished `release` profile [optimized + debuginfo] target(s) in 0.23s
warning: the following packages contain code that will be rejected by a future version of Rust: halo2_gadgets v0.5.0, primitive-types v0.12.2
note: to see what the problems were, use the option `--future-incompat-report`, or run `cargo report future-incompatibilities --id 1`
warning: binary `bundle_decode` should have a kebab-case name
   |
 1 | /home/blocknodes/ztreexo/fuzz/target/.../bundle_decode
   |                                          ^^^^^^^^^^^^^
   |
   = note: `cargo::non_kebab_case_bins` is set to `warn` by default
help: to change the binary name to `bundle-decode`, convert `bin.name`
  --> Cargo.toml:44:8
   |
44 - name = "bundle_decode"
44 + name = "bundle-decode"
   |
warning: binary `compact_state_decode` should have a kebab-case name
   |
 1 | /home/blocknodes/ztreexo/fuzz/target/.../compact_state_decode
   |                                          ^^^^^^^^^^^^^^^^^^^^
   |
help: to change the binary name to `compact-state-decode`, convert `bin.name`
  --> Cargo.toml:65:8
   |
65 - name = "compact_state_decode"
65 + name = "compact-state-decode"
   |
warning: binary `forest_decode` should have a kebab-case name
   |
 1 | /home/blocknodes/ztreexo/fuzz/target/.../forest_decode
   |                                          ^^^^^^^^^^^^^
   |
help: to change the binary name to `forest-decode`, convert `bin.name`
  --> Cargo.toml:86:8
   |
86 - name = "forest_decode"
86 + name = "forest-decode"
   |
warning: binary `nonmembership_decode` should have a kebab-case name
   |
 1 | /home/blocknodes/ztreexo/fuzz/target/.../nonmembership_decode
   |                                          ^^^^^^^^^^^^^^^^^^^^
   |
help: to change the binary name to `nonmembership-decode`, convert `bin.name`
  --> Cargo.toml:79:8
   |
79 - name = "nonmembership_decode"
79 + name = "nonmembership-decode"
   |
warning: binary `snapshot_decode` should have a kebab-case name
   |
 1 | /home/blocknodes/ztreexo/fuzz/target/.../snapshot_decode
   |                                          ^^^^^^^^^^^^^^^
   |
help: to change the binary name to `snapshot-decode`, convert `bin.name`
  --> Cargo.toml:58:8
   |
58 - name = "snapshot_decode"
58 + name = "snapshot-decode"
   |
warning: binary `utxo_proof_decode` should have a kebab-case name
   |
 1 | /home/blocknodes/ztreexo/fuzz/target/.../utxo_proof_decode
   |                                          ^^^^^^^^^^^^^^^^^
   |
help: to change the binary name to `utxo-proof-decode`, convert `bin.name`
  --> Cargo.toml:51:8
   |
51 - name = "utxo_proof_decode"
51 + name = "utxo-proof-decode"
   |
warning: binary `wire_request_decode` should have a kebab-case name
   |
 1 | /home/blocknodes/ztreexo/fuzz/target/.../wire_request_decode
   |                                          ^^^^^^^^^^^^^^^^^^^
   |
help: to change the binary name to `wire-request-decode`, convert `bin.name`
  --> Cargo.toml:72:8
   |
72 - name = "wire_request_decode"
72 + name = "wire-request-decode"
   |
warning: `zutreexo-fuzz` (manifest) generated 7 warnings
   Compiling zutreexo-fuzz v0.0.0 (/home/blocknodes/ztreexo/fuzz)
    Finished `release` profile [optimized + debuginfo] target(s) in 0.32s
warning: the following packages contain code that will be rejected by a future version of Rust: halo2_gadgets v0.5.0, primitive-types v0.12.2
note: to see what the problems were, use the option `--future-incompat-report`, or run `cargo report future-incompatibilities --id 1`
warning: binary `bundle_decode` should have a kebab-case name
   |
 1 | /home/blocknodes/ztreexo/fuzz/target/.../bundle_decode
   |                                          ^^^^^^^^^^^^^
   |
   = note: `cargo::non_kebab_case_bins` is set to `warn` by default
help: to change the binary name to `bundle-decode`, convert `bin.name`
  --> Cargo.toml:44:8
   |
44 - name = "bundle_decode"
44 + name = "bundle-decode"
   |
warning: binary `compact_state_decode` should have a kebab-case name
   |
 1 | /home/blocknodes/ztreexo/fuzz/target/.../compact_state_decode
   |                                          ^^^^^^^^^^^^^^^^^^^^
   |
help: to change the binary name to `compact-state-decode`, convert `bin.name`
  --> Cargo.toml:65:8
   |
65 - name = "compact_state_decode"
65 + name = "compact-state-decode"
   |
warning: binary `forest_decode` should have a kebab-case name
   |
 1 | /home/blocknodes/ztreexo/fuzz/target/.../forest_decode
   |                                          ^^^^^^^^^^^^^
   |
help: to change the binary name to `forest-decode`, convert `bin.name`
  --> Cargo.toml:86:8
   |
86 - name = "forest_decode"
86 + name = "forest-decode"
   |
warning: binary `nonmembership_decode` should have a kebab-case name
   |
 1 | /home/blocknodes/ztreexo/fuzz/target/.../nonmembership_decode
   |                                          ^^^^^^^^^^^^^^^^^^^^
   |
help: to change the binary name to `nonmembership-decode`, convert `bin.name`
  --> Cargo.toml:79:8
   |
79 - name = "nonmembership_decode"
79 + name = "nonmembership-decode"
   |
warning: binary `snapshot_decode` should have a kebab-case name
   |
 1 | /home/blocknodes/ztreexo/fuzz/target/.../snapshot_decode
   |                                          ^^^^^^^^^^^^^^^
   |
help: to change the binary name to `snapshot-decode`, convert `bin.name`
  --> Cargo.toml:58:8
   |
58 - name = "snapshot_decode"
58 + name = "snapshot-decode"
   |
warning: binary `utxo_proof_decode` should have a kebab-case name
   |
 1 | /home/blocknodes/ztreexo/fuzz/target/.../utxo_proof_decode
   |                                          ^^^^^^^^^^^^^^^^^
   |
help: to change the binary name to `utxo-proof-decode`, convert `bin.name`
  --> Cargo.toml:51:8
   |
51 - name = "utxo_proof_decode"
51 + name = "utxo-proof-decode"
   |
warning: binary `wire_request_decode` should have a kebab-case name
   |
 1 | /home/blocknodes/ztreexo/fuzz/target/.../wire_request_decode
   |                                          ^^^^^^^^^^^^^^^^^^^
   |
help: to change the binary name to `wire-request-decode`, convert `bin.name`
  --> Cargo.toml:72:8
   |
72 - name = "wire_request_decode"
72 + name = "wire-request-decode"
   |
warning: `zutreexo-fuzz` (manifest) generated 7 warnings
   Compiling zutreexo-fuzz v0.0.0 (/home/blocknodes/ztreexo/fuzz)
    Finished `release` profile [optimized + debuginfo] target(s) in 0.26s
warning: the following packages contain code that will be rejected by a future version of Rust: halo2_gadgets v0.5.0, primitive-types v0.12.2
note: to see what the problems were, use the option `--future-incompat-report`, or run `cargo report future-incompatibilities --id 1`
warning: binary `bundle_decode` should have a kebab-case name
   |
 1 | /home/blocknodes/ztreexo/fuzz/target/.../bundle_decode
   |                                          ^^^^^^^^^^^^^
   |
   = note: `cargo::non_kebab_case_bins` is set to `warn` by default
help: to change the binary name to `bundle-decode`, convert `bin.name`
  --> Cargo.toml:44:8
   |
44 - name = "bundle_decode"
44 + name = "bundle-decode"
   |
warning: binary `compact_state_decode` should have a kebab-case name
   |
 1 | /home/blocknodes/ztreexo/fuzz/target/.../compact_state_decode
   |                                          ^^^^^^^^^^^^^^^^^^^^
   |
help: to change the binary name to `compact-state-decode`, convert `bin.name`
  --> Cargo.toml:65:8
   |
65 - name = "compact_state_decode"
65 + name = "compact-state-decode"
   |
warning: binary `forest_decode` should have a kebab-case name
   |
 1 | /home/blocknodes/ztreexo/fuzz/target/.../forest_decode
   |                                          ^^^^^^^^^^^^^
   |
help: to change the binary name to `forest-decode`, convert `bin.name`
  --> Cargo.toml:86:8
   |
86 - name = "forest_decode"
86 + name = "forest-decode"
   |
warning: binary `nonmembership_decode` should have a kebab-case name
   |
 1 | /home/blocknodes/ztreexo/fuzz/target/.../nonmembership_decode
   |                                          ^^^^^^^^^^^^^^^^^^^^
   |
help: to change the binary name to `nonmembership-decode`, convert `bin.name`
  --> Cargo.toml:79:8
   |
79 - name = "nonmembership_decode"
79 + name = "nonmembership-decode"
   |
warning: binary `snapshot_decode` should have a kebab-case name
   |
 1 | /home/blocknodes/ztreexo/fuzz/target/.../snapshot_decode
   |                                          ^^^^^^^^^^^^^^^
   |
help: to change the binary name to `snapshot-decode`, convert `bin.name`
  --> Cargo.toml:58:8
   |
58 - name = "snapshot_decode"
58 + name = "snapshot-decode"
   |
warning: binary `utxo_proof_decode` should have a kebab-case name
   |
 1 | /home/blocknodes/ztreexo/fuzz/target/.../utxo_proof_decode
   |                                          ^^^^^^^^^^^^^^^^^
   |
help: to change the binary name to `utxo-proof-decode`, convert `bin.name`
  --> Cargo.toml:51:8
   |
51 - name = "utxo_proof_decode"
51 + name = "utxo-proof-decode"
   |
warning: binary `wire_request_decode` should have a kebab-case name
   |
 1 | /home/blocknodes/ztreexo/fuzz/target/.../wire_request_decode
   |                                          ^^^^^^^^^^^^^^^^^^^
   |
help: to change the binary name to `wire-request-decode`, convert `bin.name`
  --> Cargo.toml:72:8
   |
72 - name = "wire_request_decode"
72 + name = "wire-request-decode"
   |
warning: `zutreexo-fuzz` (manifest) generated 7 warnings
   Compiling zutreexo-fuzz v0.0.0 (/home/blocknodes/ztreexo/fuzz)
    Finished `release` profile [optimized + debuginfo] target(s) in 0.26s
warning: the following packages contain code that will be rejected by a future version of Rust: halo2_gadgets v0.5.0, primitive-types v0.12.2
note: to see what the problems were, use the option `--future-incompat-report`, or run `cargo report future-incompatibilities --id 1`
warning: binary `bundle_decode` should have a kebab-case name
   |
 1 | /home/blocknodes/ztreexo/fuzz/target/.../bundle_decode
   |                                          ^^^^^^^^^^^^^
   |
   = note: `cargo::non_kebab_case_bins` is set to `warn` by default
help: to change the binary name to `bundle-decode`, convert `bin.name`
  --> Cargo.toml:44:8
   |
44 - name = "bundle_decode"
44 + name = "bundle-decode"
   |
warning: binary `compact_state_decode` should have a kebab-case name
   |
 1 | /home/blocknodes/ztreexo/fuzz/target/.../compact_state_decode
   |                                          ^^^^^^^^^^^^^^^^^^^^
   |
help: to change the binary name to `compact-state-decode`, convert `bin.name`
  --> Cargo.toml:65:8
   |
65 - name = "compact_state_decode"
65 + name = "compact-state-decode"
   |
warning: binary `forest_decode` should have a kebab-case name
   |
 1 | /home/blocknodes/ztreexo/fuzz/target/.../forest_decode
   |                                          ^^^^^^^^^^^^^
   |
help: to change the binary name to `forest-decode`, convert `bin.name`
  --> Cargo.toml:86:8
   |
86 - name = "forest_decode"
86 + name = "forest-decode"
   |
warning: binary `nonmembership_decode` should have a kebab-case name
   |
 1 | /home/blocknodes/ztreexo/fuzz/target/.../nonmembership_decode
   |                                          ^^^^^^^^^^^^^^^^^^^^
   |
help: to change the binary name to `nonmembership-decode`, convert `bin.name`
  --> Cargo.toml:79:8
   |
79 - name = "nonmembership_decode"
79 + name = "nonmembership-decode"
   |
warning: binary `snapshot_decode` should have a kebab-case name
   |
 1 | /home/blocknodes/ztreexo/fuzz/target/.../snapshot_decode
   |                                          ^^^^^^^^^^^^^^^
   |
help: to change the binary name to `snapshot-decode`, convert `bin.name`
  --> Cargo.toml:58:8
   |
58 - name = "snapshot_decode"
58 + name = "snapshot-decode"
   |
warning: binary `utxo_proof_decode` should have a kebab-case name
   |
 1 | /home/blocknodes/ztreexo/fuzz/target/.../utxo_proof_decode
   |                                          ^^^^^^^^^^^^^^^^^
   |
help: to change the binary name to `utxo-proof-decode`, convert `bin.name`
  --> Cargo.toml:51:8
   |
51 - name = "utxo_proof_decode"
51 + name = "utxo-proof-decode"
   |
warning: binary `wire_request_decode` should have a kebab-case name
   |
 1 | /home/blocknodes/ztreexo/fuzz/target/.../wire_request_decode
   |                                          ^^^^^^^^^^^^^^^^^^^
   |
help: to change the binary name to `wire-request-decode`, convert `bin.name`
  --> Cargo.toml:72:8
   |
72 - name = "wire_request_decode"
72 + name = "wire-request-decode"
   |
warning: `zutreexo-fuzz` (manifest) generated 7 warnings
    Finished `release` profile [optimized + debuginfo] target(s) in 0.07s
warning: the following packages contain code that will be rejected by a future version of Rust: halo2_gadgets v0.5.0, primitive-types v0.12.2
note: to see what the problems were, use the option `--future-incompat-report`, or run `cargo report future-incompatibilities --id 1`
warning: binary `bundle_decode` should have a kebab-case name
   |
 1 | /home/blocknodes/ztreexo/fuzz/target/.../bundle_decode
   |                                          ^^^^^^^^^^^^^
   |
   = note: `cargo::non_kebab_case_bins` is set to `warn` by default
help: to change the binary name to `bundle-decode`, convert `bin.name`
  --> Cargo.toml:44:8
   |
44 - name = "bundle_decode"
44 + name = "bundle-decode"
   |
warning: binary `compact_state_decode` should have a kebab-case name
   |
 1 | /home/blocknodes/ztreexo/fuzz/target/.../compact_state_decode
   |                                          ^^^^^^^^^^^^^^^^^^^^
   |
help: to change the binary name to `compact-state-decode`, convert `bin.name`
  --> Cargo.toml:65:8
   |
65 - name = "compact_state_decode"
65 + name = "compact-state-decode"
   |
warning: binary `forest_decode` should have a kebab-case name
   |
 1 | /home/blocknodes/ztreexo/fuzz/target/.../forest_decode
   |                                          ^^^^^^^^^^^^^
   |
help: to change the binary name to `forest-decode`, convert `bin.name`
  --> Cargo.toml:86:8
   |
86 - name = "forest_decode"
86 + name = "forest-decode"
   |
warning: binary `nonmembership_decode` should have a kebab-case name
   |
 1 | /home/blocknodes/ztreexo/fuzz/target/.../nonmembership_decode
   |                                          ^^^^^^^^^^^^^^^^^^^^
   |
help: to change the binary name to `nonmembership-decode`, convert `bin.name`
  --> Cargo.toml:79:8
   |
79 - name = "nonmembership_decode"
79 + name = "nonmembership-decode"
   |
warning: binary `snapshot_decode` should have a kebab-case name
   |
 1 | /home/blocknodes/ztreexo/fuzz/target/.../snapshot_decode
   |                                          ^^^^^^^^^^^^^^^
   |
help: to change the binary name to `snapshot-decode`, convert `bin.name`
  --> Cargo.toml:58:8
   |
58 - name = "snapshot_decode"
58 + name = "snapshot-decode"
   |
warning: binary `utxo_proof_decode` should have a kebab-case name
   |
 1 | /home/blocknodes/ztreexo/fuzz/target/.../utxo_proof_decode
   |                                          ^^^^^^^^^^^^^^^^^
   |
help: to change the binary name to `utxo-proof-decode`, convert `bin.name`
  --> Cargo.toml:51:8
   |
51 - name = "utxo_proof_decode"
51 + name = "utxo-proof-decode"
   |
warning: binary `wire_request_decode` should have a kebab-case name
   |
 1 | /home/blocknodes/ztreexo/fuzz/target/.../wire_request_decode
   |                                          ^^^^^^^^^^^^^^^^^^^
   |
help: to change the binary name to `wire-request-decode`, convert `bin.name`
  --> Cargo.toml:72:8
   |
72 - name = "wire_request_decode"
72 + name = "wire-request-decode"
   |
warning: `zutreexo-fuzz` (manifest) generated 7 warnings
    Finished `release` profile [optimized + debuginfo] target(s) in 0.06s
warning: the following packages contain code that will be rejected by a future version of Rust: halo2_gadgets v0.5.0, primitive-types v0.12.2
note: to see what the problems were, use the option `--future-incompat-report`, or run `cargo report future-incompatibilities --id 1`
